// Jest Snapshot v1, https://goo.gl/fbAQLP

exports[`(Component) Spinner (Render) matches snapshot 1`] = `
<DocumentFragment>
  <div
    class="spinner"
  >
    <span
      class="spinner_dot spinner_dot--first"
    />
    <span
      class="spinner_dot spinner_dot--second"
    />
    <span
      class="spinner_dot spinner_dot--third"
    />
  </div>
</DocumentFragment>
`;
