// Jest Snapshot v1, https://goo.gl/fbAQLP

exports[`(Route) Ask (Component) Multiple Choice (Render) matches snapshot 1`] = `
<DocumentFragment>
  <div
    class="input-option input-option-multipleChoice"
  >
    <label
      class="input-label input-label-options input-label-multipleChoice"
      for="multiple-choice"
    >
      <input
        class="input-checkbox input-checkbox-multipleChoice"
        id="multiple-choice"
        name="multiple"
        type="checkbox"
      />
      Multiple choice responses
    </label>
  </div>
</DocumentFragment>
`;
