// Jest Snapshot v1, https://goo.gl/fbAQLP

exports[`(Route) Ask (Component) Passphrase (Render) matches snapshot 1`] = `
<DocumentFragment>
  <div
    class="input-option input-option-passphrase"
  >
    <label
      class="input-label input-label-passphrase"
      for="passphrase"
    >
      Set a passphrase (optional)
      <input
        class="input-field input-field-passphrase"
        id="passphrase"
        name="passphrase"
        type="text"
        value="Password"
      />
    </label>
  </div>
</DocumentFragment>
`;
